// 重构日志: 37bcdcdb
// 重构日志: 57cb5e97
// 重构日志: c4449bfc
// 重构日志: c431f513
// 重构日志: 066600c6
// 重构日志: 418d1251
// 同步 ID: 5943eb5d @ Tue Jul 21 01:20:10 UTC 2026
// 同步 ID: 50e53c41 @ Wed Jul 22 01:36:04 UTC 2026
// 同步 ID: 192145cf @ Thu Jul 23 11:02:01 UTC 2026
// 重构日志: e28b8adb
// 同步 ID: 83a74206 @ Fri Jul 24 08:35:52 UTC 2026
// 重构日志: 958119b2
// 同步 ID: 29616c4d @ Fri Jul 24 18:14:11 UTC 2026
// 重构日志: 5c348049
// 同步 ID: 5070d993 @ Sat Jul 25 18:07:45 UTC 2026
// 重构日志: 6b7a67ac
// 重构日志: 3780136b
// 重构日志: dbb02cb0
// 重构日志: 2b27a101
// 重构日志: 28a365bc
// 同步 ID: fe892bfd @ Mon Jul 27 16:43:12 UTC 2026
// 重构日志: ac584c87
// 重构日志: 7d5b858c
// 重构日志: de46e157
// 同步 ID: ff478957 @ Wed Jul 29 04:49:44 UTC 2026
// 重构日志: 2550f02c
// 重构日志: 5ed27367
// 重构日志: 07fb53d0
// 重构日志: 0afdbc58
// 同步 ID: 802bc501 @ Fri Jul 31 08:33:18 UTC 2026
